
> build
> vite build

[36mvite v7.3.2 [32mbuilding client environment for production...[36m[39m
transforming...
[32mΓ£ô[39m 53 modules transformed.
rendering chunks...
computing gzip size...
[2mpublic/build/[22m[32mmanifest.json            [39m[1m[2m 0.33 kB[22m[1m[22m[2m Γöé gzip:  0.17 kB[22m
[2mpublic/build/[22m[35massets/app-BUaBCxs5.css  [39m[1m[2m83.57 kB[22m[1m[22m[2m Γöé gzip: 13.77 kB[22m
[2mpublic/build/[22m[36massets/app-_xcijpix.js   [39m[1m[2m39.27 kB[22m[1m[22m[2m Γöé gzip: 15.64 kB[22m
[32mΓ£ô built in 5m 11s[39m
